../Core/Src/main.c:69:6:set_time	32	static
../Core/Src/main.c:103:6:set_alarm	48	static
../Core/Src/main.c:129:6:get_time	40	static
../Core/Src/main.c:148:6:display_time	8	static
../Core/Src/main.c:156:6:HAL_RTC_AlarmAEventCallback	16	static
../Core/Src/main.c:161:6:to_do_on_alarm	16	static
../Core/Src/main.c:181:5:main	8	static
../Core/Src/main.c:247:6:SystemClock_Config	88	static
../Core/Src/main.c:290:13:MX_I2C1_Init	8	static
../Core/Src/main.c:324:13:MX_RTC_Init	72	static
../Core/Src/main.c:406:13:MX_GPIO_Init	16	static
../Core/Src/main.c:426:6:Error_Handler	4	static
