../Drivers/STM32F4xx_HAL_Driver/Src/stm32f4xx_hal_rcc_ex.c:105:19:HAL_RCCEx_PeriphCLKConfig	32	static
../Drivers/STM32F4xx_HAL_Driver/Src/stm32f4xx_hal_rcc_ex.c:507:6:HAL_RCCEx_GetPeriphCLKConfig	0	static
../Drivers/STM32F4xx_HAL_Driver/Src/stm32f4xx_hal_rcc_ex.c:587:10:HAL_RCCEx_GetPeriphCLKFreq	0	static
../Drivers/STM32F4xx_HAL_Driver/Src/stm32f4xx_hal_rcc_ex.c:2772:6:HAL_RCCEx_SelectLSEMode	0	static
../Drivers/STM32F4xx_HAL_Driver/Src/stm32f4xx_hal_rcc_ex.c:2809:19:HAL_RCCEx_EnablePLLI2S	16	static
../Drivers/STM32F4xx_HAL_Driver/Src/stm32f4xx_hal_rcc_ex.c:2892:19:HAL_RCCEx_DisablePLLI2S	8	static
../Drivers/STM32F4xx_HAL_Driver/Src/stm32f4xx_hal_rcc_ex.c:2922:19:HAL_RCCEx_EnablePLLSAI	16	static
../Drivers/STM32F4xx_HAL_Driver/Src/stm32f4xx_hal_rcc_ex.c:2996:19:HAL_RCCEx_DisablePLLSAI	8	static
../Drivers/STM32F4xx_HAL_Driver/Src/stm32f4xx_hal_rcc_ex.c:3057:10:HAL_RCC_GetSysClockFreq	8	static
../Drivers/STM32F4xx_HAL_Driver/Src/stm32f4xx_hal_rcc_ex.c:3149:19:HAL_RCC_DeInit	16	static
../Drivers/STM32F4xx_HAL_Driver/Src/stm32f4xx_hal_rcc_ex.c:3339:19:HAL_RCC_OscConfig	24	static
../Drivers/STM32F4xx_HAL_Driver/Src/stm32f4xx_hal_rcc_ex.c:3676:6:HAL_RCC_GetOscConfig	0	static
