../Core/Src/main.c:22:5:main	16	static
../Core/Src/main.c:62:6:pBlueLedController	16	static
../Core/Src/main.c:74:6:pRedLedController	16	static
../Core/Src/main.c:85:6:pGreenLedController	16	static
../Core/Src/main.c:98:5:__io_putchar	16	static
../Core/Src/main.c:104:6:SystemClock_Config	88	static
../Core/Src/main.c:146:13:MX_USART2_UART_Init	8	static
../Core/Src/main.c:164:13:MX_GPIO_Init	16	static
../Core/Src/main.c:172:6:HAL_TIM_PeriodElapsedCallback	16	static
../Core/Src/main.c:185:6:Error_Handler	4	static,ignoring_inline_asm
